Resolved 156 packages in 2.32s
   Building dflash @ file:///media/volume/Chau/autoresearch/dflash
   Building lerobot @ file:///media/volume/Chau/autoresearch/lerobot
Downloading tensorboard-data-server (6.3MiB)
Downloading setuptools (1.0MiB)
Downloading aiohttp (1.7MiB)
Downloading kiwisolver (1.4MiB)
Downloading pygments (1.2MiB)
Downloading grpcio (6.5MiB)
Downloading llvmlite (53.7MiB)
Downloading pyarrow (46.6MiB)
Downloading numpy (15.8MiB)
Downloading scipy (33.6MiB)
Downloading networkx (2.0MiB)
Downloading triton (179.5MiB)
Downloading tokenizers (3.1MiB)
Downloading matplotlib (8.4MiB)
Downloading fonttools (4.8MiB)
Downloading pydantic-core (2.0MiB)
Downloading pandas (11.8MiB)
Downloading hf-xet (4.0MiB)
Downloading numba (3.6MiB)
Downloading torchcodec (2.0MiB)
Downloading tensorboard (5.3MiB)
Downloading torchvision (7.7MiB)
Downloading pillow (6.8MiB)
Downloading h5py (5.2MiB)
Downloading opencv-python (69.5MiB)
Downloading transformers (10.2MiB)
Downloading cmake (28.3MiB)
Downloading robosuite (184.5MiB)
Downloading av (38.1MiB)
Downloading mujoco (6.9MiB)
Downloading wandb (25.9MiB)
Downloading torch (873.2MiB)
Downloading cuda-bindings (11.6MiB)
Downloading nvidia-nvshmem-cu12 (132.7MiB)
Downloading opencv-python-headless (57.6MiB)
Downloading pyopengl (3.0MiB)
   Building egl-probe==1.0.2
   Building bddl==1.0.1
      Built dflash @ file:///media/volume/Chau/autoresearch/dflash
 Downloaded kiwisolver
      Built lerobot @ file:///media/volume/Chau/autoresearch/lerobot
 Downloaded aiohttp
      Built bddl==1.0.1
   Building hf-libero==0.1.3
   Building hf-egl-probe==1.0.2
   Building robomimic==0.2.0
 Downloaded pygments
 Downloaded pydantic-core
 Downloaded torchcodec
 Downloaded setuptools
      Built robomimic==0.2.0
 Downloaded networkx
 Downloaded tokenizers
      Built egl-probe==1.0.2
 Downloaded hf-xet
 Downloaded numba
 Downloaded fonttools
 Downloaded h5py
 Downloaded tensorboard
      Built hf-libero==0.1.3
      Built hf-egl-probe==1.0.2
 Downloaded tensorboard-data-server
 Downloaded grpcio
 Downloaded mujoco
 Downloaded pillow
 Downloaded torchvision
 Downloaded matplotlib
 Downloaded cuda-bindings
 Downloaded transformers
 Downloaded numpy
 Downloaded pandas
 Downloaded pyopengl
 Downloaded wandb
 Downloaded scipy
 Downloaded av
 Downloaded llvmlite
 Downloaded pyarrow
 Downloaded opencv-python-headless
 Downloaded opencv-python
 Downloaded cmake
 Downloaded nvidia-nvshmem-cu12
 Downloaded robosuite
 Downloaded triton
 Downloaded torch
Prepared 107 packages in 19.50s
warning: Failed to hardlink files; falling back to full copy. This may lead to degraded performance.
         If the cache and target directories are on different filesystems, hardlinking may not be supported.
         If this is intentional, set `export UV_LINK_MODE=copy` or use `--link-mode=copy` to suppress this warning.
Installed 156 packages in 3.90s
 + absl-py==2.4.0
 + aiohappyeyeballs==2.6.1
 + aiohttp==3.13.5
 + aiosignal==1.4.0
 + annotated-doc==0.0.4
 + annotated-types==0.7.0
 + antlr4-python3-runtime==4.9.3
 + anyio==4.13.0
 + attrs==26.1.0
 + av==15.1.0
 + bddl==1.0.1
 + certifi==2026.4.22
 + charset-normalizer==3.4.7
 + click==8.3.3
 + cloudpickle==3.1.2
 + cmake==4.1.3
 + contourpy==1.3.3
 + cuda-bindings==12.9.4
 + cuda-pathfinder==1.5.4
 + cycler==0.12.1
 + datasets==4.8.5
 + dflash==0.1.0 (from file:///media/volume/Chau/autoresearch/dflash)
 + dill==0.4.1
 + draccus==0.10.0
 + easydict==1.13
 + egl-probe==1.0.2
 + einops==0.8.2
 + etils==1.14.0
 + farama-notifications==0.0.6
 + fastjsonschema==2.21.2
 + filelock==3.29.0
 + fonttools==4.62.1
 + frozenlist==1.8.0
 + fsspec==2026.2.0
 + future==1.0.0
 + gitdb==4.0.12
 + gitpython==3.1.49
 + glfw==2.10.0
 + grpcio==1.80.0
 + gymnasium==1.3.0
 + h11==0.16.0
 + h5py==3.16.0
 + hf-egl-probe==1.0.2
 + hf-libero==0.1.3
 + hf-xet==1.4.3
 + httpcore==1.0.9
 + httpx==0.28.1
 + huggingface-hub==1.12.2
 + hydra-core==1.3.2
 + idna==3.13
 + imageio==2.37.3
 + imageio-ffmpeg==0.6.0
 + iniconfig==2.3.0
 + jinja2==3.1.6
 + jsonlines==4.0.0
 + jsonschema==4.26.0
 + jsonschema-specifications==2025.9.1
 + jupyter-core==5.9.1
 + jupytext==1.19.1
 + kiwisolver==1.5.0
 + lerobot==0.5.2 (from file:///media/volume/Chau/autoresearch/lerobot)
 + llvmlite==0.47.0
 + loguru==0.7.3
 + markdown==3.10.2
 + markdown-it-py==4.0.0
 + markupsafe==3.0.3
 + matplotlib==3.10.9
 + mdit-py-plugins==0.5.0
 + mdurl==0.1.2
 + mergedeep==1.3.4
 + mpmath==1.3.0
 + mujoco==3.8.0
 + multidict==6.7.1
 + multiprocess==0.70.19
 + mypy-extensions==1.1.0
 + nbformat==5.10.4
 + networkx==3.6.1
 + numba==0.65.1
 + numpy==2.2.6
 + nvidia-cublas-cu12==12.8.4.1
 + nvidia-cuda-cupti-cu12==12.8.90
 + nvidia-cuda-nvrtc-cu12==12.8.93
 + nvidia-cuda-runtime-cu12==12.8.90
 + nvidia-cudnn-cu12==9.10.2.21
 + nvidia-cufft-cu12==11.3.3.83
 + nvidia-cufile-cu12==1.13.1.3
 + nvidia-curand-cu12==10.3.9.90
 + nvidia-cusolver-cu12==11.7.3.90
 + nvidia-cusparse-cu12==12.5.8.93
 + nvidia-cusparselt-cu12==0.7.1
 + nvidia-nccl-cu12==2.27.5
 + nvidia-nvjitlink-cu12==12.8.93
 + nvidia-nvshmem-cu12==3.4.5
 + nvidia-nvtx-cu12==12.8.90
 + omegaconf==2.3.0
 + opencv-python==4.13.0.92
 + opencv-python-headless==4.13.0.92
 + packaging==25.0
 + pandas==2.3.3
 + pillow==12.2.0
 + platformdirs==4.9.6
 + pluggy==1.6.0
 + propcache==0.4.1
 + protobuf==7.34.1
 + psutil==7.2.2
 + pyarrow==24.0.0
 + pydantic==2.13.3
 + pydantic-core==2.46.3
 + pygments==2.20.0
 + pyopengl==3.1.10
 + pyparsing==3.3.2
 + pytest==9.0.3
 + python-dateutil==2.9.0.post0
 + pytz==2026.1.post1
 + pyyaml==6.0.3
 + pyyaml-include==1.4.1
 + referencing==0.37.0
 + regex==2026.4.4
 + requests==2.33.1
 + rich==15.0.0
 + robomimic==0.2.0
 + robosuite==1.4.0
 + rpds-py==0.30.0
 + safetensors==0.7.0
 + scipy==1.17.1
 + sentry-sdk==2.58.0
 + setuptools==80.10.2
 + shellingham==1.5.4
 + six==1.17.0
 + smmap==5.0.3
 + sympy==1.14.0
 + tensorboard==2.20.0
 + tensorboard-data-server==0.7.2
 + tensorboardx==2.6.5
 + termcolor==3.3.0
 + thop==0.1.1.post2209072238
 + tokenizers==0.22.2
 + toml==0.10.2
 + torch==2.10.0
 + torchcodec==0.10.0
 + torchvision==0.25.0
 + tqdm==4.67.3
 + traitlets==5.14.3
 + transformers==5.3.0
 + triton==3.6.0
 + typer==0.25.0
 + typing-extensions==4.15.0
 + typing-inspect==0.9.0
 + typing-inspection==0.4.2
 + tzdata==2026.2
 + urllib3==2.6.3
 + wandb==0.26.1
 + werkzeug==3.1.8
 + xxhash==3.7.0
 + yarl==1.23.0
 + zipp==3.23.1
