WARNING:lerobot.utils.import_utils:'torchcodec' is not available in your platform, falling back to 'pyav' as a default decoder
WARNING:root:Vision embedding key might need handling: model.paligemma_with_expert.paligemma.model.vision_tower.vision_model.embeddings.patch_embedding.bias
WARNING:root:Vision embedding key might need handling: model.paligemma_with_expert.paligemma.model.vision_tower.vision_model.embeddings.patch_embedding.weight
/media/volume/Chau/autoresearch/.venv/lib/python3.12/site-packages/torchvision/io/_video_deprecation_warning.py:9: UserWarning: The video decoding and encoding capabilities of torchvision are deprecated from version 0.22 and will be removed in version 0.24. We recommend that you migrate to TorchCodec, where we'll consolidate the future decoding/encoding capabilities of PyTorch: https://github.com/pytorch/torchcodec
  warnings.warn(
WARNING:lerobot.utils.import_utils:'torchcodec' is not available in your platform, falling back to 'pyav' as a default decoder
Loading frozen target (pi0-fast)...
The PI0Fast model is a direct port of the OpenPI implementation. 
This implementation follows the original OpenPI structure for compatibility. 
Original implementation: https://github.com/Physical-Intelligence/openpi
Loading model from: lerobot/pi0fast-base
✓ Loaded state dict from model.safetensors
All keys loaded successfully!
Building drafter...
Drafter params: 258.0M
Building dataloader...
Smoke: running 2 train steps + 1 eval batch...
Smoke: sanity-checking target forward...
  hidden_states layers returned: 18 (expected 18)
  fast_token_ids shape:  (4, 256)
  fast_token_mask shape: (4, 256)
  fast_logits shape:     (4, 256, 257152)
  target forward OK
Evaluating held-out loss...
/media/volume/Chau/autoresearch/.venv/lib/python3.12/site-packages/torchvision/io/_video_deprecation_warning.py:9: UserWarning: The video decoding and encoding capabilities of torchvision are deprecated from version 0.22 and will be removed in version 0.24. We recommend that you migrate to TorchCodec, where we'll consolidate the future decoding/encoding capabilities of PyTorch: https://github.com/pytorch/torchcodec
  warnings.warn(
/media/volume/Chau/autoresearch/.venv/lib/python3.12/site-packages/torchvision/io/_video_deprecation_warning.py:9: UserWarning: The video decoding and encoding capabilities of torchvision are deprecated from version 0.22 and will be removed in version 0.24. We recommend that you migrate to TorchCodec, where we'll consolidate the future decoding/encoding capabilities of PyTorch: https://github.com/pytorch/torchcodec
  warnings.warn(
WARNING:lerobot.utils.import_utils:'torchcodec' is not available in your platform, falling back to 'pyav' as a default decoder
  eval_loss: 29.3171
Evaluating acceptance length...
/media/volume/Chau/autoresearch/.venv/lib/python3.12/site-packages/torchvision/io/_video_deprecation_warning.py:9: UserWarning: The video decoding and encoding capabilities of torchvision are deprecated from version 0.22 and will be removed in version 0.24. We recommend that you migrate to TorchCodec, where we'll consolidate the future decoding/encoding capabilities of PyTorch: https://github.com/pytorch/torchcodec
  warnings.warn(
/media/volume/Chau/autoresearch/.venv/lib/python3.12/site-packages/torchvision/io/_video_deprecation_warning.py:9: UserWarning: The video decoding and encoding capabilities of torchvision are deprecated from version 0.22 and will be removed in version 0.24. We recommend that you migrate to TorchCodec, where we'll consolidate the future decoding/encoding capabilities of PyTorch: https://github.com/pytorch/torchcodec
  warnings.warn(
WARNING:lerobot.utils.import_utils:'torchcodec' is not available in your platform, falling back to 'pyav' as a default decoder
/media/volume/Chau/autoresearch/.venv/lib/python3.12/site-packages/torchvision/io/_video_deprecation_warning.py:9: UserWarning: The video decoding and encoding capabilities of torchvision are deprecated from version 0.22 and will be removed in version 0.24. We recommend that you migrate to TorchCodec, where we'll consolidate the future decoding/encoding capabilities of PyTorch: https://github.com/pytorch/torchcodec
  warnings.warn(
/media/volume/Chau/autoresearch/.venv/lib/python3.12/site-packages/torchvision/io/_video_deprecation_warning.py:9: UserWarning: The video decoding and encoding capabilities of torchvision are deprecated from version 0.22 and will be removed in version 0.24. We recommend that you migrate to TorchCodec, where we'll consolidate the future decoding/encoding capabilities of PyTorch: https://github.com/pytorch/torchcodec
  warnings.warn(
  per_position_acc: ['0.000', '0.000', '0.000', '0.000', '0.000', '0.000', '0.000']

---
accept_len:       0.0000
training_seconds: 0.4
eval_seconds:     7.4
total_seconds:    8.6
peak_vram_mb:     11148.9
num_steps:        2
num_params_M:     258.0
block_size:       8
draft_layers:     3
